Hmm ... looks like a package
Converting parsed Rd's to LaTeX .
Creating pdf output from LaTeX ...

This is pdfTeX, Version 3.141592653-2.6-1.40.29 (TeX Live 2026) (preloaded format=pdflatex)
 restricted \write18 enabled.
entering extended mode
LaTeX2e <2026-06-01>
L3 programming layer <2026-07-20>
(./Rd2.tex
(/Users/dritikaarora/Library/TinyTeX/texmf-dist/tex/latex/base/book.cls
Document Class: book 2025/01/22 v1.4n Standard LaTeX document class
(/Users/dritikaarora/Library/TinyTeX/texmf-dist/tex/latex/base/bk10.clo)) (/Library/Frameworks/R.framework/Resources/share/texmf/tex/latex/Rd.sty (/Users/dritikaarora/Library/TinyTeX/texmf-dist/tex/latex/base/ifthen.sty) (/Users/dritikaarora/Library/TinyTeX/texmf-dist/tex/generic/iftex/iftex.sty) (/Users/dritikaarora/Library/TinyTeX/texmf-dist/tex/latex/tools/longtable.sty) (/Users/dritikaarora/Library/TinyTeX/texmf-dist/tex/latex/tools/bm.sty) (/Users/dritikaarora/Library/TinyTeX/texmf-dist/tex/latex/base/alltt.sty) (/Users/dritikaarora/Library/TinyTeX/texmf-dist/tex/latex/tools/verbatim.sty) (/Users/dritikaarora/Library/TinyTeX/texmf-dist/tex/latex/url/url.sty) (/Users/dritikaarora/Library/TinyTeX/texmf-dist/tex/latex/base/textcomp.sty) (/Users/dritikaarora/Library/TinyTeX/texmf-dist/tex/latex/amsmath/amsmath.sty
For additional information on amsmath, use the `?' option.
(/Users/dritikaarora/Library/TinyTeX/texmf-dist/tex/latex/amsmath/amstext.sty (/Users/dritikaarora/Library/TinyTeX/texmf-dist/tex/latex/amsmath/amsgen.sty)) (/Users/dritikaarora/Library/TinyTeX/texmf-dist/tex/latex/amsmath/amsbsy.sty) (/Users/dritikaarora/Library/TinyTeX/texmf-dist/tex/latex/amsmath/amsopn.sty)) (/Users/dritikaarora/Library/TinyTeX/texmf-dist/tex/latex/amsfonts/amsfonts.sty) (/Users/dritikaarora/Library/TinyTeX/texmf-dist/tex/latex/amsfonts/amssymb.sty) (/Users/dritikaarora/Library/TinyTeX/texmf-dist/tex/latex/amsfonts/eucal.sty) (/Users/dritikaarora/Library/TinyTeX/texmf-dist/tex/latex/base/fontenc.sty) (/Users/dritikaarora/Library/TinyTeX/texmf-dist/tex/latex/psnfss/times.sty) (/Users/dritikaarora/Library/TinyTeX/texmf-dist/tex/latex/inconsolata/zi4.sty `inconsolata-zi4' v1.12, 2019/05/17 Text macros for Inconsolata (msharpe) (/Users/dritikaarora/Library/TinyTeX/texmf-dist/tex/latex/xkeyval/xkeyval.sty (/Users/dritikaarora/Library/TinyTeX/texmf-dist/tex/generic/xkeyval/xkeyval.tex (/Users/dritikaarora/Library/TinyTeX/texmf-dist/tex/generic/xkeyval/xkvutils.tex (/Users/dritikaarora/Library/TinyTeX/texmf-dist/tex/generic/xkeyval/keyval.tex))))) (/Users/dritikaarora/Library/TinyTeX/texmf-dist/tex/latex/graphics/color.sty (/Users/dritikaarora/Library/TinyTeX/texmf-dist/tex/latex/graphics-cfg/color.cfg) (/Users/dritikaarora/Library/TinyTeX/texmf-dist/tex/latex/graphics-def/pdftex.def) (/Users/dritikaarora/Library/TinyTeX/texmf-dist/tex/latex/graphics/mathcolor.ltx)) (/Users/dritikaarora/Library/TinyTeX/texmf-dist/tex/latex/hyperref/hyperref.sty (/Users/dritikaarora/Library/TinyTeX/texmf-dist/tex/latex/kvsetkeys/kvsetkeys.sty) (/Users/dritikaarora/Library/TinyTeX/texmf-dist/tex/generic/kvdefinekeys/kvdefinekeys.sty) (/Users/dritikaarora/Library/TinyTeX/texmf-dist/tex/generic/pdfescape/pdfescape.sty (/Users/dritikaarora/Library/TinyTeX/texmf-dist/tex/generic/ltxcmds/ltxcmds.sty) (/Users/dritikaarora/Library/TinyTeX/texmf-dist/tex/generic/pdftexcmds/pdftexcmds.sty (/Users/dritikaarora/Library/TinyTeX/texmf-dist/tex/generic/infwarerr/infwarerr.sty))) (/Users/dritikaarora/Library/TinyTeX/texmf-dist/tex/latex/hycolor/hycolor.sty) (/Users/dritikaarora/Library/TinyTeX/texmf-dist/tex/latex/hyperref/nameref.sty (/Users/dritikaarora/Library/TinyTeX/texmf-dist/tex/latex/refcount/refcount.sty) (/Users/dritikaarora/Library/TinyTeX/texmf-dist/tex/generic/gettitlestring/gettitlestring.sty (/Users/dritikaarora/Library/TinyTeX/texmf-dist/tex/latex/kvoptions/kvoptions.sty))) (/Users/dritikaarora/Library/TinyTeX/texmf-dist/tex/latex/etoolbox/etoolbox.sty) (/Users/dritikaarora/Library/TinyTeX/texmf-dist/tex/generic/stringenc/stringenc.sty) (/Users/dritikaarora/Library/TinyTeX/texmf-dist/tex/latex/hyperref/pd1enc.def) (/Users/dritikaarora/Library/TinyTeX/texmf-dist/tex/generic/intcalc/intcalc.sty) (/Users/dritikaarora/Library/TinyTeX/texmf-dist/tex/latex/hyperref/puenc.def) (/Users/dritikaarora/Library/TinyTeX/texmf-dist/tex/generic/bitset/bitset.sty (/Users/dritikaarora/Library/TinyTeX/texmf-dist/tex/generic/bigintcalc/bigintcalc.sty))) (/Users/dritikaarora/Library/TinyTeX/texmf-dist/tex/latex/hyperref/hpdftex.def (/Users/dritikaarora/Library/TinyTeX/texmf-dist/tex/latex/rerunfilecheck/rerunfilecheck.sty (/Users/dritikaarora/Library/TinyTeX/texmf-dist/tex/generic/uniquecounter/uniquecounter.sty)))) (/Users/dritikaarora/Library/TinyTeX/texmf-dist/tex/latex/base/makeidx.sty)
Writing index file Rd2.idx
(/Users/dritikaarora/Library/TinyTeX/texmf-dist/tex/latex/psnfss/t1ptm.fd) (/Users/dritikaarora/Library/TinyTeX/texmf-dist/tex/latex/l3backend/l3backend-pdftex.def) (/private/var/folders/47/g3y2zmf53kvcj7q0xyt4f33m0000gn/T/RtmpMlVKMp/Rd2pdfd84a98d1a8/Rd2.aux) (/private/var/folders/47/g3y2zmf53kvcj7q0xyt4f33m0000gn/T/RtmpMlVKMp/Rd2pdfd84a98d1a8/Rd2.out) (/private/var/folders/47/g3y2zmf53kvcj7q0xyt4f33m0000gn/T/RtmpMlVKMp/Rd2pdfd84a98d1a8/Rd2.out) (/Users/dritikaarora/Library/TinyTeX/texmf-dist/tex/latex/inconsolata/t1zi4.fd) (/private/var/folders/47/g3y2zmf53kvcj7q0xyt4f33m0000gn/T/RtmpMlVKMp/Rd2pdfd84a98d1a8/Rd2.toc (/Users/dritikaarora/Library/TinyTeX/texmf-dist/tex/latex/amsfonts/umsa.fd) (/Users/dritikaarora/Library/TinyTeX/texmf-dist/tex/latex/amsfonts/umsb.fd) [1{/Users/dritikaarora/Library/TinyTeX/texmf-var/fonts/map/pdftex/updmap/pdftex.map}{/Users/dritikaarora/Library/TinyTeX/texmf-dist/fonts/enc/dvips/base/8r.enc}{/Users/dritikaarora/Library/TinyTeX/texmf-dist/fonts/enc/dvips/inconsolata/i4-t1-0.enc}]) [2] [3] (/Users/dritikaarora/Library/TinyTeX/texmf-dist/tex/latex/psnfss/ts1ptm.fd) [4] [5] [6] [7] [8]
Overfull \hbox (13.31606pt too wide) in paragraph at lines 486--488
[]\T1/ptm/m/n/10 Rationale: Di-lu-tion al-ter-na-tive is di-rec-tional by con-struc-tion (sign(mu_dilution) = sign(sc_zscore)
[9] [10] [11] [12] [13] [14] (/Users/dritikaarora/Library/TinyTeX/texmf-dist/tex/latex/inconsolata/ts1zi4.fd) [15{/Users/dritikaarora/Library/TinyTeX/texmf-dist/fonts/enc/dvips/inconsolata/i4-ts1.enc}] [16] [17] [18]
No file Rd2.ind.
[19] (/private/var/folders/47/g3y2zmf53kvcj7q0xyt4f33m0000gn/T/RtmpMlVKMp/Rd2pdfd84a98d1a8/Rd2.aux) )
(see the transcript file for additional information)
pdfTeX warning (dest): name{Rfn..Rdash.1.96,\0401.96} has been referenced but does not exist, replaced by a fixed one

</Users/dritikaarora/Library/TinyTeX/texmf-dist/fonts/type1/public/inconsolata/Inconsolata-zi4r.pfb></Users/dritikaarora/Library/TinyTeX/texmf-dist/fonts/type1/urw/times/utmb8a.pfb></Users/dritikaarora/Library/TinyTeX/texmf-dist/fonts/type1/urw/times/utmr8a.pfb></Users/dritikaarora/Library/TinyTeX/texmf-dist/fonts/type1/urw/times/utmr8a.pfb></Users/dritikaarora/Library/TinyTeX/texmf-dist/fonts/type1/urw/times/utmri8a.pfb>
Output written on Rd2.pdf (19 pages, 119100 bytes).
Transcript written on Rd2.log.
Saving output to ‘bulknull-manual.pdf’ ...
Done
You may want to clean up by 'rm -Rf /var/folders/47/g3y2zmf53kvcj7q0xyt4f33m0000gn/T//RtmpMlVKMp/Rd2pdfd84a98d1a8'
